// Jest Snapshot v1, https://goo.gl/fbAQLP

exports[`App basic rendering snapshot 1`] = `
Array [
  <header>
    <h1>
      As the Crow Flies
    </h1>
  </header>,
  <main>
    <div
      className="typeaheads"
    >
      <div
        className="typeahead"
      >
        <fieldset>
          <label
            htmlFor="from"
          >
            from
            : 
          </label>
          <br />
          <input
            id="from"
            name="from"
            onChange={[Function]}
            placeholder="IATA code, airport name, city, or state"
            value=""
          />
        </fieldset>
        <div
          className="suggestions"
        />
      </div>
      <div
        className="typeahead"
      >
        <fieldset>
          <label
            htmlFor="to"
          >
            to
            : 
          </label>
          <br />
          <input
            id="to"
            name="to"
            onChange={[Function]}
            placeholder="IATA code, airport name, city, or state"
            value=""
          />
        </fieldset>
        <div
          className="suggestions"
        />
      </div>
    </div>
  </main>,
]
`;
