// Jest Snapshot v1, https://goo.gl/fbAQLP

exports[`Typeahead basic rendering snapshot 1`] = `
<div
  className="typeahead"
>
  <fieldset>
    <label>
      : 
    </label>
    <br />
    <input
      onChange={[Function]}
      value=""
    />
  </fieldset>
  <div
    className="suggestions"
  />
</div>
`;
